// Jest Snapshot v1, https://goo.gl/fbAQLP

exports[`sets submit button label 'Save' when saving is false 1`] = `
<form
  onSubmit={[MockFunction]}
>
  <h2>
    Edit
     Course
  </h2>
  <div
    className="form-group"
  >
    <label
      htmlFor="title"
    >
      Title
    </label>
    <div
      className="field"
    >
      <input
        className="form-control"
        name="title"
        onChange={[MockFunction]}
        type="text"
        value="Securing React Apps with Auth0"
      />
    </div>
  </div>
  <div
    className="form-group"
  >
    <label
      htmlFor="authorId"
    >
      Author
    </label>
    <div
      className="field"
    >
      <select
        className="form-control"
        name="authorId"
        onChange={[MockFunction]}
        value={1}
      >
        <option
          value=""
        >
          Select Author
        </option>
        <option
          value={1}
        >
          Cory House
        </option>
        <option
          value={2}
        >
          Or Hasson
        </option>
        <option
          value={3}
        >
          Avi Nimni
        </option>
      </select>
    </div>
  </div>
  <div
    className="form-group"
  >
    <label
      htmlFor="category"
    >
      Category
    </label>
    <div
      className="field"
    >
      <input
        className="form-control"
        name="category"
        onChange={[MockFunction]}
        type="text"
        value="JavaScript"
      />
    </div>
  </div>
  <button
    className="btn btn-primary"
    disabled={false}
    type="submit"
  >
    Save
  </button>
</form>
`;

exports[`sets submit button label 'Saving...' when saving is true 1`] = `
<form
  onSubmit={[MockFunction]}
>
  <h2>
    Edit
     Course
  </h2>
  <div
    className="form-group"
  >
    <label
      htmlFor="title"
    >
      Title
    </label>
    <div
      className="field"
    >
      <input
        className="form-control"
        name="title"
        onChange={[MockFunction]}
        type="text"
        value="Securing React Apps with Auth0"
      />
    </div>
  </div>
  <div
    className="form-group"
  >
    <label
      htmlFor="authorId"
    >
      Author
    </label>
    <div
      className="field"
    >
      <select
        className="form-control"
        name="authorId"
        onChange={[MockFunction]}
        value={1}
      >
        <option
          value=""
        >
          Select Author
        </option>
        <option
          value={1}
        >
          Cory House
        </option>
        <option
          value={2}
        >
          Or Hasson
        </option>
        <option
          value={3}
        >
          Avi Nimni
        </option>
      </select>
    </div>
  </div>
  <div
    className="form-group"
  >
    <label
      htmlFor="category"
    >
      Category
    </label>
    <div
      className="field"
    >
      <input
        className="form-control"
        name="category"
        onChange={[MockFunction]}
        type="text"
        value="JavaScript"
      />
    </div>
  </div>
  <button
    className="btn btn-primary"
    disabled={true}
    type="submit"
  >
    Saving...
  </button>
</form>
`;
